> Task :app:checkKotlinGradlePluginConfigurationErrors SKIPPED
> Task :app:preBuild UP-TO-DATE
> Task :app:preDebugBuild UP-TO-DATE
> Task :app:generateDebugBuildConfig
> Task :app:extractDebugProto
> Task :app:extractIncludeDebugProto
> Task :app:extractProto
> Task :app:generateDebugProto
> Task :app:generateDebugResValues
> Task :app:checkDebugAarMetadata
> Task :app:mapDebugSourceSetPaths
> Task :app:generateDebugResources
> Task :app:packageDebugResources
> Task :app:createDebugCompatibleScreenManifests
> Task :app:extractDeepLinksDebug
> Task :app:parseDebugLocalResources
> Task :app:processDebugMainManifest
> Task :app:processDebugManifest
> Task :app:javaPreCompileDebug
> Task :app:extractTestDebugProto
> Task :app:extractTestProto
> Task :app:preDebugUnitTestBuild UP-TO-DATE
> Task :app:javaPreCompileDebugUnitTest
> Task :app:processDebugManifestForPackage
> Task :app:mergeDebugResources
> Task :app:processDebugResources

> Task :app:compileDebugKotlin
w: file:///D:/.src/Maro_II/app/src/main/java/ykws/android/maro/data/location/GpsLocationSource.kt:9:8 '@Deprecated(...) class LocationProvider : Any' is deprecated. Deprecated in Java.
w: file:///D:/.src/Maro_II/app/src/main/java/ykws/android/maro/data/model/LatLng.kt:15:6 This declaration needs opt-in. Its usage should be marked with '@kotlinx.serialization.ExperimentalSerializationApi' or '@OptIn(kotlinx.serialization.ExperimentalSerializationApi::class)'
w: file:///D:/.src/Maro_II/app/src/main/java/ykws/android/maro/data/model/LatLng.kt:16:6 This declaration needs opt-in. Its usage should be marked with '@kotlinx.serialization.ExperimentalSerializationApi' or '@OptIn(kotlinx.serialization.ExperimentalSerializationApi::class)'
w: file:///D:/.src/Maro_II/app/src/main/java/ykws/android/maro/data/regulation/RegulatedZone.kt:36:6 This declaration needs opt-in. Its usage should be marked with '@kotlinx.serialization.ExperimentalSerializationApi' or '@OptIn(kotlinx.serialization.ExperimentalSerializationApi::class)'
w: file:///D:/.src/Maro_II/app/src/main/java/ykws/android/maro/data/regulation/RegulatedZone.kt:37:6 This declaration needs opt-in. Its usage should be marked with '@kotlinx.serialization.ExperimentalSerializationApi' or '@OptIn(kotlinx.serialization.ExperimentalSerializationApi::class)'
w: file:///D:/.src/Maro_II/app/src/main/java/ykws/android/maro/data/regulation/RegulatedZone.kt:55:6 This declaration needs opt-in. Its usage should be marked with '@kotlinx.serialization.ExperimentalSerializationApi' or '@OptIn(kotlinx.serialization.ExperimentalSerializationApi::class)'
w: file:///D:/.src/Maro_II/app/src/main/java/ykws/android/maro/data/regulation/RegulatedZone.kt:56:6 This declaration needs opt-in. Its usage should be marked with '@kotlinx.serialization.ExperimentalSerializationApi' or '@OptIn(kotlinx.serialization.ExperimentalSerializationApi::class)'
w: file:///D:/.src/Maro_II/app/src/main/java/ykws/android/maro/data/regulation/RegulatedZone.kt:57:6 This declaration needs opt-in. Its usage should be marked with '@kotlinx.serialization.ExperimentalSerializationApi' or '@OptIn(kotlinx.serialization.ExperimentalSerializationApi::class)'
w: file:///D:/.src/Maro_II/app/src/main/java/ykws/android/maro/data/regulation/RegulatedZone.kt:58:6 This declaration needs opt-in. Its usage should be marked with '@kotlinx.serialization.ExperimentalSerializationApi' or '@OptIn(kotlinx.serialization.ExperimentalSerializationApi::class)'
w: file:///D:/.src/Maro_II/app/src/main/java/ykws/android/maro/data/regulation/RegulatedZone.kt:59:6 This declaration needs opt-in. Its usage should be marked with '@kotlinx.serialization.ExperimentalSerializationApi' or '@OptIn(kotlinx.serialization.ExperimentalSerializationApi::class)'
w: file:///D:/.src/Maro_II/app/src/main/java/ykws/android/maro/data/regulation/RegulatedZone.kt:60:6 This declaration needs opt-in. Its usage should be marked with '@kotlinx.serialization.ExperimentalSerializationApi' or '@OptIn(kotlinx.serialization.ExperimentalSerializationApi::class)'
w: file:///D:/.src/Maro_II/app/src/main/java/ykws/android/maro/data/regulation/RegulatedZone.kt:61:6 This declaration needs opt-in. Its usage should be marked with '@kotlinx.serialization.ExperimentalSerializationApi' or '@OptIn(kotlinx.serialization.ExperimentalSerializationApi::class)'
w: file:///D:/.src/Maro_II/app/src/main/java/ykws/android/maro/data/regulation/RegulatedZone.kt:62:6 This declaration needs opt-in. Its usage should be marked with '@kotlinx.serialization.ExperimentalSerializationApi' or '@OptIn(kotlinx.serialization.ExperimentalSerializationApi::class)'
w: file:///D:/.src/Maro_II/app/src/main/java/ykws/android/maro/data/regulation/RegulatedZone.kt:63:6 This declaration needs opt-in. Its usage should be marked with '@kotlinx.serialization.ExperimentalSerializationApi' or '@OptIn(kotlinx.serialization.ExperimentalSerializationApi::class)'
w: file:///D:/.src/Maro_II/app/src/main/java/ykws/android/maro/data/regulation/RegulatedZone.kt:132:6 This declaration needs opt-in. Its usage should be marked with '@kotlinx.serialization.ExperimentalSerializationApi' or '@OptIn(kotlinx.serialization.ExperimentalSerializationApi::class)'
w: file:///D:/.src/Maro_II/app/src/main/java/ykws/android/maro/data/regulation/RegulatedZone.kt:133:6 This declaration needs opt-in. Its usage should be marked with '@kotlinx.serialization.ExperimentalSerializationApi' or '@OptIn(kotlinx.serialization.ExperimentalSerializationApi::class)'
w: file:///D:/.src/Maro_II/app/src/main/java/ykws/android/maro/data/regulation/RegulatedZone.kt:134:6 This declaration needs opt-in. Its usage should be marked with '@kotlinx.serialization.ExperimentalSerializationApi' or '@OptIn(kotlinx.serialization.ExperimentalSerializationApi::class)'
w: file:///D:/.src/Maro_II/app/src/main/java/ykws/android/maro/data/regulation/RegulatedZone.kt:135:6 This declaration needs opt-in. Its usage should be marked with '@kotlinx.serialization.ExperimentalSerializationApi' or '@OptIn(kotlinx.serialization.ExperimentalSerializationApi::class)'
w: file:///D:/.src/Maro_II/app/src/main/java/ykws/android/maro/data/regulation/RegulatedZone.kt:143:6 This declaration needs opt-in. Its usage should be marked with '@kotlinx.serialization.ExperimentalSerializationApi' or '@OptIn(kotlinx.serialization.ExperimentalSerializationApi::class)'
w: file:///D:/.src/Maro_II/app/src/main/java/ykws/android/maro/data/regulation/RegulatedZone.kt:144:6 This declaration needs opt-in. Its usage should be marked with '@kotlinx.serialization.ExperimentalSerializationApi' or '@OptIn(kotlinx.serialization.ExperimentalSerializationApi::class)'

> Task :app:compileDebugJavaWithJavac
> Task :app:processDebugJavaRes
> Task :app:bundleDebugClassesToCompileJar
> Task :app:bundleDebugClassesToRuntimeJar
> Task :app:extractIncludeDebugUnitTestProto
> Task :app:generateDebugUnitTestProto NO-SOURCE
> Task :app:compileDebugUnitTestKotlin
> Task :app:compileDebugUnitTestJavaWithJavac NO-SOURCE
> Task :app:processDebugUnitTestJavaRes
> Task :app:testDebugUnitTest

BUILD SUCCESSFUL in 14s
31 actionable tasks: 31 executed
